
 Performance counter stats for './nqueens-O3':

          1,217.41 msec task-clock                #    1.000 CPUs utilized          
                 1      context-switches          #    0.001 K/sec                  
                 0      cpu-migrations            #    0.000 K/sec                  
            73,156      page-faults               #    0.060 M/sec                  
     3,412,709,023      cycles                    #    2.803 GHz                    
     6,028,797,299      instructions              #    1.77  insn per cycle         
     1,399,416,792      branches                  # 1149.499 M/sec                  
        48,551,536      branch-misses             #    3.47% of all branches        

       1.217923002 seconds time elapsed

       1.073898000 seconds user
       0.140254000 seconds sys



 Performance counter stats for './nqueens-O3':

          1,204.98 msec task-clock                #    1.000 CPUs utilized          
                 4      context-switches          #    0.003 K/sec                  
                 0      cpu-migrations            #    0.000 K/sec                  
            73,158      page-faults               #    0.061 M/sec                  
     3,433,102,471      cycles                    #    2.849 GHz                    
     6,026,907,252      instructions              #    1.76  insn per cycle         
     1,399,024,742      branches                  # 1161.040 M/sec                  
        48,898,021      branch-misses             #    3.50% of all branches        

       1.205481988 seconds time elapsed

       1.043475000 seconds user
       0.158608000 seconds sys



 Performance counter stats for './nqueens-O3':

          1,206.88 msec task-clock                #    1.000 CPUs utilized          
                 3      context-switches          #    0.002 K/sec                  
                 0      cpu-migrations            #    0.000 K/sec                  
            73,151      page-faults               #    0.061 M/sec                  
     3,510,466,102      cycles                    #    2.909 GHz                    
     6,039,429,079      instructions              #    1.72  insn per cycle         
     1,401,601,213      branches                  # 1161.340 M/sec                  
        48,985,420      branch-misses             #    3.49% of all branches        

       1.207381871 seconds time elapsed

       1.025871000 seconds user
       0.172200000 seconds sys



 Performance counter stats for './nqueens-O3':

          1,141.07 msec task-clock                #    1.000 CPUs utilized          
                 2      context-switches          #    0.002 K/sec                  
                 0      cpu-migrations            #    0.000 K/sec                  
            73,157      page-faults               #    0.064 M/sec                  
     3,427,954,714      cycles                    #    3.004 GHz                    
     6,030,258,741      instructions              #    1.76  insn per cycle         
     1,399,576,803      branches                  # 1226.550 M/sec                  
        48,817,668      branch-misses             #    3.49% of all branches        

       1.141547167 seconds time elapsed

       0.983500000 seconds user
       0.154594000 seconds sys



 Performance counter stats for './nqueens-O3':

          1,207.71 msec task-clock                #    0.999 CPUs utilized          
                 2      context-switches          #    0.002 K/sec                  
                 0      cpu-migrations            #    0.000 K/sec                  
            73,153      page-faults               #    0.061 M/sec                  
     3,492,914,004      cycles                    #    2.892 GHz                    
     6,028,595,461      instructions              #    1.73  insn per cycle         
     1,399,281,825      branches                  # 1158.628 M/sec                  
        48,963,411      branch-misses             #    3.50% of all branches        

       1.208343299 seconds time elapsed

       1.061920000 seconds user
       0.142561000 seconds sys



 Performance counter stats for './nqueens-O3':

          1,229.70 msec task-clock                #    1.000 CPUs utilized          
                 4      context-switches          #    0.003 K/sec                  
                 1      cpu-migrations            #    0.001 K/sec                  
            73,158      page-faults               #    0.059 M/sec                  
     3,492,207,996      cycles                    #    2.840 GHz                    
     6,028,173,073      instructions              #    1.73  insn per cycle         
     1,399,192,779      branches                  # 1137.831 M/sec                  
        48,726,111      branch-misses             #    3.48% of all branches        

       1.230232488 seconds time elapsed

       1.075531000 seconds user
       0.151649000 seconds sys



 Performance counter stats for './nqueens-O3':

          1,189.13 msec task-clock                #    1.000 CPUs utilized          
                 1      context-switches          #    0.001 K/sec                  
                 0      cpu-migrations            #    0.000 K/sec                  
            73,155      page-faults               #    0.062 M/sec                  
     3,408,271,912      cycles                    #    2.866 GHz                    
     6,028,841,571      instructions              #    1.77  insn per cycle         
     1,399,293,891      branches                  # 1176.733 M/sec                  
        48,922,513      branch-misses             #    3.50% of all branches        

       1.189606841 seconds time elapsed

       1.036826000 seconds user
       0.149650000 seconds sys



 Performance counter stats for './nqueens-O3':

          1,178.16 msec task-clock                #    1.000 CPUs utilized          
                 2      context-switches          #    0.002 K/sec                  
                 0      cpu-migrations            #    0.000 K/sec                  
            73,155      page-faults               #    0.062 M/sec                  
     3,467,367,588      cycles                    #    2.943 GHz                    
     6,027,905,117      instructions              #    1.74  insn per cycle         
     1,399,141,344      branches                  # 1187.563 M/sec                  
        48,738,109      branch-misses             #    3.48% of all branches        

       1.178662650 seconds time elapsed

       1.035341000 seconds user
       0.140503000 seconds sys



 Performance counter stats for './nqueens-O3':

          1,191.62 msec task-clock                #    1.000 CPUs utilized          
                 5      context-switches          #    0.004 K/sec                  
                 0      cpu-migrations            #    0.000 K/sec                  
            73,156      page-faults               #    0.061 M/sec                  
     3,425,322,263      cycles                    #    2.875 GHz                    
     6,032,238,449      instructions              #    1.76  insn per cycle         
     1,399,984,098      branches                  # 1174.863 M/sec                  
        48,880,180      branch-misses             #    3.49% of all branches        

       1.192139184 seconds time elapsed

       1.022846000 seconds user
       0.164323000 seconds sys



 Performance counter stats for './nqueens-O3':

          1,182.22 msec task-clock                #    0.999 CPUs utilized          
                 1      context-switches          #    0.001 K/sec                  
                 0      cpu-migrations            #    0.000 K/sec                  
            73,153      page-faults               #    0.062 M/sec                  
     3,406,449,717      cycles                    #    2.881 GHz                    
     6,029,376,824      instructions              #    1.77  insn per cycle         
     1,399,378,915      branches                  # 1183.690 M/sec                  
        48,879,639      branch-misses             #    3.49% of all branches        

       1.183062561 seconds time elapsed

       1.040383000 seconds user
       0.139395000 seconds sys


