./scripts/run.sh: line 10: 2703661 Quit                    (core dumped) perf stat ${CMD} 26
./nqueen_lowered_o3: Interrupt

 Performance counter stats for './nqueen_lowered_o3 26':

          1,124.62 msec task-clock                #    1.000 CPUs utilized          
                 1      context-switches          #    0.001 K/sec                  
                 0      cpu-migrations            #    0.000 K/sec                  
           192,456      page-faults               #    0.171 M/sec                  
     3,311,849,967      cycles                    #    2.945 GHz                    
     7,739,393,183      instructions              #    2.34  insn per cycle         
     1,464,927,911      branches                  # 1302.592 M/sec                  
         5,917,034      branch-misses             #    0.40% of all branches        

       1.125124137 seconds time elapsed

       0.775869000 seconds user
       0.346138000 seconds sys


./nqueen_lowered_o3: Interrupt

 Performance counter stats for './nqueen_lowered_o3 26':

             64.61 msec task-clock                #    0.993 CPUs utilized          
                 0      context-switches          #    0.000 K/sec                  
                 0      cpu-migrations            #    0.000 K/sec                  
            11,257      page-faults               #    0.174 M/sec                  
       185,152,953      cycles                    #    2.866 GHz                    
       435,080,593      instructions              #    2.35  insn per cycle         
        80,623,395      branches                  # 1247.832 M/sec                  
           298,060      branch-misses             #    0.37% of all branches        

       0.065096775 seconds time elapsed

       0.045940000 seconds user
       0.018958000 seconds sys


./nqueen_lowered_o3: Interrupt

 Performance counter stats for './nqueen_lowered_o3 26':

            123.38 msec task-clock                #    0.996 CPUs utilized          
                 0      context-switches          #    0.000 K/sec                  
                 0      cpu-migrations            #    0.000 K/sec                  
            21,931      page-faults               #    0.178 M/sec                  
       363,691,595      cycles                    #    2.948 GHz                    
       853,776,645      instructions              #    2.35  insn per cycle         
       158,904,307      branches                  # 1287.919 M/sec                  
           582,438      branch-misses             #    0.37% of all branches        

       0.123871312 seconds time elapsed

       0.085713000 seconds user
       0.037878000 seconds sys


./nqueen_lowered_o3: Interrupt

 Performance counter stats for './nqueen_lowered_o3 26':

            102.39 msec task-clock                #    0.996 CPUs utilized          
                 0      context-switches          #    0.000 K/sec                  
                 0      cpu-migrations            #    0.000 K/sec                  
            18,182      page-faults               #    0.178 M/sec                  
       298,726,570      cycles                    #    2.917 GHz                    
       706,664,022      instructions              #    2.37  insn per cycle         
       131,392,092      branches                  # 1283.194 M/sec                  
           480,936      branch-misses             #    0.37% of all branches        

       0.102852093 seconds time elapsed

       0.075700000 seconds user
       0.026901000 seconds sys


./nqueen_lowered_o3: Interrupt

 Performance counter stats for './nqueen_lowered_o3 26':

            101.29 msec task-clock                #    0.996 CPUs utilized          
                 0      context-switches          #    0.000 K/sec                  
                 0      cpu-migrations            #    0.000 K/sec                  
            17,480      page-faults               #    0.173 M/sec                  
       289,668,978      cycles                    #    2.860 GHz                    
       679,035,269      instructions              #    2.34  insn per cycle         
       126,223,173      branches                  # 1246.204 M/sec                  
           452,516      branch-misses             #    0.36% of all branches        

       0.101735437 seconds time elapsed

       0.061311000 seconds user
       0.040182000 seconds sys


./nqueen_lowered_o3: Interrupt

 Performance counter stats for './nqueen_lowered_o3 26':

            374.14 msec task-clock                #    0.999 CPUs utilized          
                 0      context-switches          #    0.000 K/sec                  
                 0      cpu-migrations            #    0.000 K/sec                  
            65,386      page-faults               #    0.175 M/sec                  
     1,094,307,240      cycles                    #    2.925 GHz                    
     2,566,464,661      instructions              #    2.35  insn per cycle         
       479,850,613      branches                  # 1282.538 M/sec                  
         1,792,615      branch-misses             #    0.37% of all branches        

       0.374585392 seconds time elapsed

       0.252255000 seconds user
       0.121606000 seconds sys


./nqueen_lowered_o3: Interrupt

 Performance counter stats for './nqueen_lowered_o3 26':

             76.20 msec task-clock                #    0.994 CPUs utilized          
                 0      context-switches          #    0.000 K/sec                  
                 0      cpu-migrations            #    0.000 K/sec                  
            13,103      page-faults               #    0.172 M/sec                  
       216,884,795      cycles                    #    2.846 GHz                    
       507,125,540      instructions              #    2.34  insn per cycle         
        94,064,110      branches                  # 1234.455 M/sec                  
           340,221      branch-misses             #    0.36% of all branches        

       0.076666755 seconds time elapsed

       0.047259000 seconds user
       0.029182000 seconds sys


./nqueen_lowered_o3: Interrupt

 Performance counter stats for './nqueen_lowered_o3 26':

            168.52 msec task-clock                #    0.997 CPUs utilized          
                 0      context-switches          #    0.000 K/sec                  
                 0      cpu-migrations            #    0.000 K/sec                  
            28,964      page-faults               #    0.172 M/sec                  
       479,365,970      cycles                    #    2.845 GHz                    
     1,129,949,503      instructions              #    2.36  insn per cycle         
       210,551,270      branches                  # 1249.396 M/sec                  
           781,253      branch-misses             #    0.37% of all branches        

       0.169017468 seconds time elapsed

       0.113699000 seconds user
       0.054871000 seconds sys


./nqueen_lowered_o3: Interrupt

 Performance counter stats for './nqueen_lowered_o3 26':

            154.38 msec task-clock                #    0.997 CPUs utilized          
                 0      context-switches          #    0.000 K/sec                  
                 0      cpu-migrations            #    0.000 K/sec                  
            26,882      page-faults               #    0.174 M/sec                  
       442,916,510      cycles                    #    2.869 GHz                    
     1,048,115,320      instructions              #    2.37  insn per cycle         
       195,247,587      branches                  # 1264.749 M/sec                  
           719,495      branch-misses             #    0.37% of all branches        

       0.154874697 seconds time elapsed

       0.107693000 seconds user
       0.046826000 seconds sys


