
 Performance counter stats for './nqueens_o3':

         4,869,157      cache-references                                              (49.99%)
         2,393,142      cache-misses              #   49.149 % of all cache refs      (66.66%)
       896,070,843      L1-dcache-loads                                               (66.60%)
       418,533,742      L1-dcache-stores                                              (66.33%)
        22,901,322      L1-dcache-load-misses     #    2.56% of all L1-dcache accesses  (33.34%)
           757,180      L1-icache-load-misses                                         (33.34%)

       1.074180563 seconds time elapsed

       0.935810000 seconds user
       0.127754000 seconds sys



 Performance counter stats for './nqueens_o3':

         4,375,846      cache-references                                              (50.02%)
         2,088,360      cache-misses              #   47.725 % of all cache refs      (66.71%)
       895,310,192      L1-dcache-loads                                               (66.63%)
       419,254,814      L1-dcache-stores                                              (66.33%)
        22,322,782      L1-dcache-load-misses     #    2.49% of all L1-dcache accesses  (33.29%)
           661,850      L1-icache-load-misses                                         (33.29%)

       1.009796878 seconds time elapsed

       0.881041000 seconds user
       0.119916000 seconds sys



 Performance counter stats for './nqueens_o3':

         4,393,410      cache-references                                              (49.87%)
         2,075,344      cache-misses              #   47.238 % of all cache refs      (66.58%)
       896,288,301      L1-dcache-loads                                               (66.64%)
       420,734,638      L1-dcache-stores                                              (66.44%)
        22,526,057      L1-dcache-load-misses     #    2.51% of all L1-dcache accesses  (33.32%)
           682,377      L1-icache-load-misses                                         (33.23%)

       1.011855376 seconds time elapsed

       0.874609000 seconds user
       0.128950000 seconds sys



 Performance counter stats for './nqueens_o3':

         4,457,136      cache-references                                              (49.95%)
         2,081,366      cache-misses              #   46.697 % of all cache refs      (66.64%)
       896,215,610      L1-dcache-loads                                               (66.59%)
       420,254,019      L1-dcache-stores                                              (66.33%)
        22,265,752      L1-dcache-load-misses     #    2.48% of all L1-dcache accesses  (33.36%)
           679,967      L1-icache-load-misses                                         (33.32%)

       1.001574277 seconds time elapsed

       0.869337000 seconds user
       0.123972000 seconds sys



 Performance counter stats for './nqueens_o3':

         4,473,730      cache-references                                              (50.02%)
         2,114,027      cache-misses              #   47.254 % of all cache refs      (66.70%)
       895,590,555      L1-dcache-loads                                               (66.63%)
       418,940,724      L1-dcache-stores                                              (66.33%)
        22,435,745      L1-dcache-load-misses     #    2.51% of all L1-dcache accesses  (33.30%)
           705,084      L1-icache-load-misses                                         (33.30%)

       1.009549053 seconds time elapsed

       0.890897000 seconds user
       0.110073000 seconds sys



 Performance counter stats for './nqueens_o3':

         4,487,057      cache-references                                              (49.94%)
         2,129,489      cache-misses              #   47.458 % of all cache refs      (66.66%)
       895,654,429      L1-dcache-loads                                               (66.69%)
       419,176,186      L1-dcache-stores                                              (66.40%)
        21,810,836      L1-dcache-load-misses     #    2.44% of all L1-dcache accesses  (33.25%)
           700,002      L1-icache-load-misses                                         (33.25%)

       1.059002261 seconds time elapsed

       0.912777000 seconds user
       0.136788000 seconds sys



 Performance counter stats for './nqueens_o3':

         4,528,355      cache-references                                              (50.00%)
         2,172,623      cache-misses              #   47.978 % of all cache refs      (66.71%)
       894,226,139      L1-dcache-loads                                               (66.64%)
       419,130,045      L1-dcache-stores                                              (66.35%)
        22,595,019      L1-dcache-load-misses     #    2.53% of all L1-dcache accesses  (33.29%)
           692,728      L1-icache-load-misses                                         (33.29%)

       1.009781848 seconds time elapsed

       0.873330000 seconds user
       0.127920000 seconds sys



 Performance counter stats for './nqueens_o3':

         4,399,603      cache-references                                              (49.93%)
         2,093,558      cache-misses              #   47.585 % of all cache refs      (66.63%)
       895,142,851      L1-dcache-loads                                               (66.58%)
       420,166,177      L1-dcache-stores                                              (66.37%)
        22,020,425      L1-dcache-load-misses     #    2.46% of all L1-dcache accesses  (33.38%)
           704,679      L1-icache-load-misses                                         (33.30%)

       1.036980776 seconds time elapsed

       0.887141000 seconds user
       0.140785000 seconds sys



 Performance counter stats for './nqueens_o3':

         4,644,670      cache-references                                              (50.01%)
         2,200,671      cache-misses              #   47.381 % of all cache refs      (66.70%)
       897,673,192      L1-dcache-loads                                               (66.64%)
       420,089,106      L1-dcache-stores                                              (66.34%)
        22,630,321      L1-dcache-load-misses     #    2.52% of all L1-dcache accesses  (33.30%)
           679,150      L1-icache-load-misses                                         (33.30%)

       1.033528168 seconds time elapsed

       0.891613000 seconds user
       0.131645000 seconds sys



 Performance counter stats for './nqueens_o3':

         4,557,740      cache-references                                              (49.90%)
         2,146,446      cache-misses              #   47.095 % of all cache refs      (66.62%)
       896,025,133      L1-dcache-loads                                               (66.70%)
       418,376,336      L1-dcache-stores                                              (66.44%)
        22,677,198      L1-dcache-load-misses     #    2.53% of all L1-dcache accesses  (33.28%)
           709,584      L1-icache-load-misses                                         (33.25%)

       1.022921481 seconds time elapsed

       0.893024000 seconds user
       0.120868000 seconds sys


