
 Performance counter stats for './nqueens_o1':

          1,157.92 msec task-clock                #    1.000 CPUs utilized          
                 1      context-switches          #    0.001 K/sec                  
                 0      cpu-migrations            #    0.000 K/sec                  
            73,157      page-faults               #    0.063 M/sec                  
     3,804,989,516      cycles                    #    3.286 GHz                    
     6,359,147,181      instructions              #    1.67  insn per cycle         
     1,614,594,383      branches                  # 1394.389 M/sec                  
        44,925,518      branch-misses             #    2.78% of all branches        

       1.158387093 seconds time elapsed

       1.008939000 seconds user
       0.146647000 seconds sys



 Performance counter stats for './nqueens_o1':

          1,154.17 msec task-clock                #    0.999 CPUs utilized          
                21      context-switches          #    0.018 K/sec                  
                 1      cpu-migrations            #    0.001 K/sec                  
            73,158      page-faults               #    0.063 M/sec                  
     3,786,207,321      cycles                    #    3.280 GHz                    
     6,359,077,186      instructions              #    1.68  insn per cycle         
     1,614,583,056      branches                  # 1398.916 M/sec                  
        44,895,567      branch-misses             #    2.78% of all branches        

       1.154876052 seconds time elapsed

       1.012461000 seconds user
       0.139647000 seconds sys



 Performance counter stats for './nqueens_o1':

          1,153.54 msec task-clock                #    1.000 CPUs utilized          
                 1      context-switches          #    0.001 K/sec                  
                 0      cpu-migrations            #    0.000 K/sec                  
            73,151      page-faults               #    0.063 M/sec                  
     3,787,843,384      cycles                    #    3.284 GHz                    
     6,359,057,672      instructions              #    1.68  insn per cycle         
     1,614,577,606      branches                  # 1399.674 M/sec                  
        44,889,839      branch-misses             #    2.78% of all branches        

       1.153981290 seconds time elapsed

       1.015566000 seconds user
       0.135626000 seconds sys



 Performance counter stats for './nqueens_o1':

          1,155.57 msec task-clock                #    1.000 CPUs utilized          
                 0      context-switches          #    0.000 K/sec                  
                 0      cpu-migrations            #    0.000 K/sec                  
            73,157      page-faults               #    0.063 M/sec                  
     3,787,520,542      cycles                    #    3.278 GHz                    
     6,358,944,500      instructions              #    1.68  insn per cycle         
     1,614,552,775      branches                  # 1397.187 M/sec                  
        44,964,884      branch-misses             #    2.78% of all branches        

       1.155993067 seconds time elapsed

       1.023828000 seconds user
       0.129700000 seconds sys



 Performance counter stats for './nqueens_o1':

          1,154.54 msec task-clock                #    1.000 CPUs utilized          
                 3      context-switches          #    0.003 K/sec                  
                 0      cpu-migrations            #    0.000 K/sec                  
            73,157      page-faults               #    0.063 M/sec                  
     3,792,189,533      cycles                    #    3.285 GHz                    
     6,359,013,700      instructions              #    1.68  insn per cycle         
     1,614,569,711      branches                  # 1398.450 M/sec                  
        44,950,623      branch-misses             #    2.78% of all branches        

       1.154990945 seconds time elapsed

       1.031643000 seconds user
       0.120730000 seconds sys



 Performance counter stats for './nqueens_o1':

          1,153.83 msec task-clock                #    1.000 CPUs utilized          
                 1      context-switches          #    0.001 K/sec                  
                 0      cpu-migrations            #    0.000 K/sec                  
            73,152      page-faults               #    0.063 M/sec                  
     3,790,456,956      cycles                    #    3.285 GHz                    
     6,358,925,564      instructions              #    1.68  insn per cycle         
     1,614,550,840      branches                  # 1399.293 M/sec                  
        44,971,446      branch-misses             #    2.79% of all branches        

       1.154250667 seconds time elapsed

       1.015208000 seconds user
       0.136617000 seconds sys



 Performance counter stats for './nqueens_o1':

          1,150.31 msec task-clock                #    1.000 CPUs utilized          
                 1      context-switches          #    0.001 K/sec                  
                 1      cpu-migrations            #    0.001 K/sec                  
            73,151      page-faults               #    0.064 M/sec                  
     3,780,231,709      cycles                    #    3.286 GHz                    
     6,358,813,771      instructions              #    1.68  insn per cycle         
     1,614,527,884      branches                  # 1403.561 M/sec                  
        44,798,929      branch-misses             #    2.77% of all branches        

       1.150742752 seconds time elapsed

       1.013645000 seconds user
       0.134689000 seconds sys



 Performance counter stats for './nqueens_o1':

          1,154.75 msec task-clock                #    1.000 CPUs utilized          
                 2      context-switches          #    0.002 K/sec                  
                 0      cpu-migrations            #    0.000 K/sec                  
            73,157      page-faults               #    0.063 M/sec                  
     3,788,608,774      cycles                    #    3.281 GHz                    
     6,358,910,390      instructions              #    1.68  insn per cycle         
     1,614,546,768      branches                  # 1398.180 M/sec                  
        44,925,580      branch-misses             #    2.78% of all branches        

       1.155193190 seconds time elapsed

       0.998064000 seconds user
       0.154569000 seconds sys



 Performance counter stats for './nqueens_o1':

          1,152.02 msec task-clock                #    1.000 CPUs utilized          
                 1      context-switches          #    0.001 K/sec                  
                 0      cpu-migrations            #    0.000 K/sec                  
            73,152      page-faults               #    0.063 M/sec                  
     3,781,904,811      cycles                    #    3.283 GHz                    
     6,358,879,997      instructions              #    1.68  insn per cycle         
     1,614,546,187      branches                  # 1401.495 M/sec                  
        44,873,906      branch-misses             #    2.78% of all branches        

       1.152433407 seconds time elapsed

       1.026188000 seconds user
       0.123744000 seconds sys



 Performance counter stats for './nqueens_o1':

          1,158.93 msec task-clock                #    1.000 CPUs utilized          
                 1      context-switches          #    0.001 K/sec                  
                 0      cpu-migrations            #    0.000 K/sec                  
            73,152      page-faults               #    0.063 M/sec                  
     3,803,613,690      cycles                    #    3.282 GHz                    
     6,358,964,260      instructions              #    1.67  insn per cycle         
     1,614,557,605      branches                  # 1393.141 M/sec                  
        44,975,619      branch-misses             #    2.79% of all branches        

       1.159386952 seconds time elapsed

       1.044091000 seconds user
       0.112774000 seconds sys


