
 Performance counter stats for './nqueens_o1':

         4,288,723      cache-references                                              (49.98%)
         1,966,507      cache-misses              #   45.853 % of all cache refs      (66.71%)
       981,363,479      L1-dcache-loads                                               (66.66%)
       508,813,784      L1-dcache-stores                                              (66.40%)
        22,137,388      L1-dcache-load-misses     #    2.26% of all L1-dcache accesses  (33.28%)
           808,560      L1-icache-load-misses                                         (33.28%)

       1.141969007 seconds time elapsed

       1.016192000 seconds user
       0.116073000 seconds sys



 Performance counter stats for './nqueens_o1':

         4,039,350      cache-references                                              (50.01%)
         1,827,601      cache-misses              #   45.245 % of all cache refs      (66.67%)
       980,265,071      L1-dcache-loads                                               (66.60%)
       506,940,766      L1-dcache-stores                                              (66.34%)
        21,942,140      L1-dcache-load-misses     #    2.24% of all L1-dcache accesses  (33.33%)
           677,840      L1-icache-load-misses                                         (33.33%)

       1.146515153 seconds time elapsed

       1.018518000 seconds user
       0.118954000 seconds sys



 Performance counter stats for './nqueens_o1':

         4,159,325      cache-references                                              (49.94%)
         1,894,198      cache-misses              #   45.541 % of all cache refs      (66.63%)
       979,418,289      L1-dcache-loads                                               (66.62%)
       507,814,458      L1-dcache-stores                                              (66.39%)
        21,894,906      L1-dcache-load-misses     #    2.24% of all L1-dcache accesses  (33.37%)
           787,696      L1-icache-load-misses                                         (33.33%)

       1.139030059 seconds time elapsed

       0.997690000 seconds user
       0.131861000 seconds sys



 Performance counter stats for './nqueens_o1':

         4,110,206      cache-references                                              (49.99%)
         1,856,250      cache-misses              #   45.162 % of all cache refs      (66.70%)
       981,759,982      L1-dcache-loads                                               (66.66%)
       509,101,833      L1-dcache-stores                                              (66.39%)
        21,673,918      L1-dcache-load-misses     #    2.21% of all L1-dcache accesses  (33.30%)
           735,879      L1-icache-load-misses                                         (33.30%)

       1.147469969 seconds time elapsed

       0.996476000 seconds user
       0.141941000 seconds sys



 Performance counter stats for './nqueens_o1':

         4,119,958      cache-references                                              (49.90%)
         1,909,433      cache-misses              #   46.346 % of all cache refs      (66.62%)
       980,467,625      L1-dcache-loads                                               (66.67%)
       508,439,046      L1-dcache-stores                                              (66.45%)
        22,097,588      L1-dcache-load-misses     #    2.25% of all L1-dcache accesses  (33.30%)
           750,386      L1-icache-load-misses                                         (33.26%)

       1.137245516 seconds time elapsed

       1.007023000 seconds user
       0.121024000 seconds sys



 Performance counter stats for './nqueens_o1':

         4,220,877      cache-references                                              (49.97%)
         1,904,679      cache-misses              #   45.125 % of all cache refs      (66.65%)
       979,509,762      L1-dcache-loads                                               (66.65%)
       508,137,373      L1-dcache-stores                                              (66.38%)
        22,200,339      L1-dcache-load-misses     #    2.27% of all L1-dcache accesses  (33.35%)
           772,426      L1-icache-load-misses                                         (33.35%)

       1.133817868 seconds time elapsed

       1.018327000 seconds user
       0.106108000 seconds sys



 Performance counter stats for './nqueens_o1':

         4,131,132      cache-references                                              (49.89%)
         1,893,423      cache-misses              #   45.833 % of all cache refs      (66.60%)
       979,695,089      L1-dcache-loads                                               (66.65%)
       508,475,149      L1-dcache-stores                                              (66.48%)
        21,907,072      L1-dcache-load-misses     #    2.24% of all L1-dcache accesses  (33.34%)
           765,577      L1-icache-load-misses                                         (33.25%)

       1.149592164 seconds time elapsed

       1.027518000 seconds user
       0.111925000 seconds sys



 Performance counter stats for './nqueens_o1':

         4,227,901      cache-references                                              (49.99%)
         1,947,428      cache-misses              #   46.061 % of all cache refs      (66.66%)
       980,316,009      L1-dcache-loads                                               (66.64%)
       508,248,284      L1-dcache-stores                                              (66.38%)
        22,060,371      L1-dcache-load-misses     #    2.25% of all L1-dcache accesses  (33.34%)
           739,347      L1-icache-load-misses                                         (33.34%)

       1.152115076 seconds time elapsed

       1.030252000 seconds user
       0.112076000 seconds sys



 Performance counter stats for './nqueens_o1':

         4,302,731      cache-references                                              (49.91%)
         1,963,286      cache-misses              #   45.629 % of all cache refs      (66.63%)
       981,076,689      L1-dcache-loads                                               (66.72%)
       509,006,632      L1-dcache-stores                                              (66.47%)
        21,749,246      L1-dcache-load-misses     #    2.22% of all L1-dcache accesses  (33.28%)
           820,264      L1-icache-load-misses                                         (33.27%)

       1.148539581 seconds time elapsed

       1.048143000 seconds user
       0.090187000 seconds sys



 Performance counter stats for './nqueens_o1':

         4,187,702      cache-references                                              (49.99%)
         1,901,360      cache-misses              #   45.403 % of all cache refs      (66.66%)
       979,053,631      L1-dcache-loads                                               (66.58%)
       507,811,946      L1-dcache-stores                                              (66.34%)
        21,681,824      L1-dcache-load-misses     #    2.21% of all L1-dcache accesses  (33.35%)
           737,920      L1-icache-load-misses                                         (33.33%)

       1.146055352 seconds time elapsed

       1.003301000 seconds user
       0.132856000 seconds sys


